{
  "version": "1.5.0",
  "plugins_used": [
    {
      "name": "ArtifactoryDetector"
    },
    {
      "name": "AWSKeyDetector"
    },
    {
      "name": "AzureStorageKeyDetector"
    },
    {
      "name": "Base64HighEntropyString",
      "limit": 4.5
    },
    {
      "name": "BasicAuthDetector"
    },
    {
      "name": "CloudantDetector"
    },
    {
      "name": "DiscordBotTokenDetector"
    },
    {
      "name": "GitHubTokenDetector"
    },
    {
      "name": "GitLabTokenDetector"
    },
    {
      "name": "HexHighEntropyString",
      "limit": 3.0
    },
    {
      "name": "IbmCloudIamDetector"
    },
    {
      "name": "IbmCosHmacDetector"
    },
    {
      "name": "IPPublicDetector"
    },
    {
      "name": "JwtTokenDetector"
    },
    {
      "name": "KeywordDetector",
      "keyword_exclude": ""
    },
    {
      "name": "MailchimpDetector"
    },
    {
      "name": "NpmDetector"
    },
    {
      "name": "OpenAIDetector"
    },
    {
      "name": "PrivateKeyDetector"
    },
    {
      "name": "PypiTokenDetector"
    },
    {
      "name": "SendGridDetector"
    },
    {
      "name": "SlackDetector"
    },
    {
      "name": "SoftlayerDetector"
    },
    {
      "name": "SquareOAuthDetector"
    },
    {
      "name": "StripeDetector"
    },
    {
      "name": "TelegramBotTokenDetector"
    },
    {
      "name": "TwilioKeyDetector"
    }
  ],
  "filters_used": [
    {
      "path": "detect_secrets.filters.allowlist.is_line_allowlisted"
    },
    {
      "path": "detect_secrets.filters.common.is_baseline_file",
      "filename": ".secrets.baseline"
    },
    {
      "path": "detect_secrets.filters.common.is_ignored_due_to_verification_policies",
      "min_level": 2
    },
    {
      "path": "detect_secrets.filters.heuristic.is_indirect_reference"
    },
    {
      "path": "detect_secrets.filters.heuristic.is_likely_id_string"
    },
    {
      "path": "detect_secrets.filters.heuristic.is_lock_file"
    },
    {
      "path": "detect_secrets.filters.heuristic.is_not_alphanumeric_string"
    },
    {
      "path": "detect_secrets.filters.heuristic.is_potential_uuid"
    },
    {
      "path": "detect_secrets.filters.heuristic.is_prefixed_with_dollar_sign"
    },
    {
      "path": "detect_secrets.filters.heuristic.is_sequential_string"
    },
    {
      "path": "detect_secrets.filters.heuristic.is_swagger_file"
    },
    {
      "path": "detect_secrets.filters.heuristic.is_templated_secret"
    }
  ],
  "results": {
    ".env.example": [
      {
        "type": "Basic Auth Credentials",
        "filename": ".env.example",
        "hashed_secret": "2cf26fc442f10ae2d5c8b8995bc83ee4643d123a",
        "is_verified": false,
        "line_number": 40
      }
    ],
    ".github/workflows/ci-cd.yml": [
      {
        "type": "Secret Keyword",
        "filename": ".github/workflows/ci-cd.yml",
        "hashed_secret": "e871b5ecb1196433c38010a72c4d49f2427b425b",
        "is_verified": false,
        "line_number": 29
      },
      {
        "type": "Basic Auth Credentials",
        "filename": ".github/workflows/ci-cd.yml",
        "hashed_secret": "e871b5ecb1196433c38010a72c4d49f2427b425b",
        "is_verified": false,
        "line_number": 81
      },
      {
        "type": "Secret Keyword",
        "filename": ".github/workflows/ci-cd.yml",
        "hashed_secret": "16ce0c36e252ad26b0661d419a690023d36345a8",
        "is_verified": false,
        "line_number": 83
      }
    ],
    ".gitlab-ci.yml": [
      {
        "type": "Secret Keyword",
        "filename": ".gitlab-ci.yml",
        "hashed_secret": "9fb7fe1217aed442b04c0f5e43b5d5a7d3287097",
        "is_verified": false,
        "line_number": 32
      },
      {
        "type": "Basic Auth Credentials",
        "filename": ".gitlab-ci.yml",
        "hashed_secret": "9fb7fe1217aed442b04c0f5e43b5d5a7d3287097",
        "is_verified": false,
        "line_number": 33
      },
      {
        "type": "Secret Keyword",
        "filename": ".gitlab-ci.yml",
        "hashed_secret": "00942f4668670f34c5943cf52c7ef3139fe2b8d6",
        "is_verified": false,
        "line_number": 36
      }
    ],
    "docker-compose.yml": [
      {
        "type": "Secret Keyword",
        "filename": "docker-compose.yml",
        "hashed_secret": "55906ae3336be6e421f199758165119d0ace8ed2",
        "is_verified": false,
        "line_number": 89
      }
    ],
    "docs/developer/quick-start.adoc": [
      {
        "type": "Basic Auth Credentials",
        "filename": "docs/developer/quick-start.adoc",
        "hashed_secret": "2cf26fc442f10ae2d5c8b8995bc83ee4643d123a",
        "is_verified": false,
        "line_number": 77
      }
    ],
    "docs/development/TESTING.md": [
      {
        "type": "Secret Keyword",
        "filename": "docs/development/TESTING.md",
        "hashed_secret": "62fd38dd547474d66a38e61c308969cd6226beda",
        "is_verified": false,
        "line_number": 344
      }
    ],
    "docs/e2e-tests-next-steps.md": [
      {
        "type": "Basic Auth Credentials",
        "filename": "docs/e2e-tests-next-steps.md",
        "hashed_secret": "e871b5ecb1196433c38010a72c4d49f2427b425b",
        "is_verified": false,
        "line_number": 102
      }
    ],
    "docs/testing-strategy.md": [
      {
        "type": "Basic Auth Credentials",
        "filename": "docs/testing-strategy.md",
        "hashed_secret": "2cf26fc442f10ae2d5c8b8995bc83ee4643d123a",
        "is_verified": false,
        "line_number": 151
      }
    ],
    "packages/core/README.md": [
      {
        "type": "Basic Auth Credentials",
        "filename": "packages/core/README.md",
        "hashed_secret": "9d4e1e23bd5b727046a9e3b4b7db57bd8d6ee684",
        "is_verified": false,
        "line_number": 75
      }
    ],
    "packages/core/backend/.env.example": [
      {
        "type": "Basic Auth Credentials",
        "filename": "packages/core/backend/.env.example",
        "hashed_secret": "5baa61e4c9b93f3f0682250b6cf8331b7ee68fd8",
        "is_verified": false,
        "line_number": 12
      }
    ],
    "packages/core/backend/alembic.ini": [
      {
        "type": "Basic Auth Credentials",
        "filename": "packages/core/backend/alembic.ini",
        "hashed_secret": "2cf26fc442f10ae2d5c8b8995bc83ee4643d123a",
        "is_verified": false,
        "line_number": 60
      }
    ],
    "packages/core/backend/api/GDPR_README.md": [
      {
        "type": "Secret Keyword",
        "filename": "packages/core/backend/api/GDPR_README.md",
        "hashed_secret": "564e340cd48437d2dfe876ee154cc99dc4d0d137",
        "is_verified": false,
        "line_number": 108
      }
    ],
    "packages/core/backend/database.py": [
      {
        "type": "Basic Auth Credentials",
        "filename": "packages/core/backend/database.py",
        "hashed_secret": "2cf26fc442f10ae2d5c8b8995bc83ee4643d123a",
        "is_verified": false,
        "line_number": 15
      }
    ],
    "packages/core/backend/locales/t.de.json": [
      {
        "type": "Secret Keyword",
        "filename": "packages/core/backend/locales/t.de.json",
        "hashed_secret": "bdcfe3800ced2165135e8046d8e9e76380c2ac7c",
        "is_verified": false,
        "line_number": 16
      },
      {
        "type": "Secret Keyword",
        "filename": "packages/core/backend/locales/t.de.json",
        "hashed_secret": "4520aeb4ae7f9bb4a8b03defa62769dcea462c2b",
        "is_verified": false,
        "line_number": 17
      },
      {
        "type": "Secret Keyword",
        "filename": "packages/core/backend/locales/t.de.json",
        "hashed_secret": "9ee494d9b549b1c4943102275c20478905cde75e",
        "is_verified": false,
        "line_number": 18
      },
      {
        "type": "Secret Keyword",
        "filename": "packages/core/backend/locales/t.de.json",
        "hashed_secret": "643949c1e7c7237a9545df6389198e66296922f2",
        "is_verified": false,
        "line_number": 104
      },
      {
        "type": "Secret Keyword",
        "filename": "packages/core/backend/locales/t.de.json",
        "hashed_secret": "35775b868802ad4615991195b06fb3aa49497cc7",
        "is_verified": false,
        "line_number": 123
      }
    ],
    "packages/core/backend/locales/t.en.json": [
      {
        "type": "Secret Keyword",
        "filename": "packages/core/backend/locales/t.en.json",
        "hashed_secret": "c3f00a81c7d430d7ee55f61b789982f62c1279a9",
        "is_verified": false,
        "line_number": 16
      },
      {
        "type": "Secret Keyword",
        "filename": "packages/core/backend/locales/t.en.json",
        "hashed_secret": "3dd580e7dc68b01dd9dec0ba7d5e413e6bad5404",
        "is_verified": false,
        "line_number": 17
      },
      {
        "type": "Secret Keyword",
        "filename": "packages/core/backend/locales/t.en.json",
        "hashed_secret": "35a4f1703c919cee63dcc2a862ebfd333906513c",
        "is_verified": false,
        "line_number": 18
      },
      {
        "type": "Secret Keyword",
        "filename": "packages/core/backend/locales/t.en.json",
        "hashed_secret": "97ff6884d6ff311da211b0e940033ce43e5221b2",
        "is_verified": false,
        "line_number": 104
      },
      {
        "type": "Secret Keyword",
        "filename": "packages/core/backend/locales/t.en.json",
        "hashed_secret": "47a760409b605b211999f45a030ef4a01f1e8bdd",
        "is_verified": false,
        "line_number": 123
      }
    ],
    "packages/core/backend/locales/t.fr.json": [
      {
        "type": "Secret Keyword",
        "filename": "packages/core/backend/locales/t.fr.json",
        "hashed_secret": "b6d5be0b263534c56149bebbe7ae923858c7d3f4",
        "is_verified": false,
        "line_number": 16
      },
      {
        "type": "Secret Keyword",
        "filename": "packages/core/backend/locales/t.fr.json",
        "hashed_secret": "f6f95179b7be66f240e05e134d5591cd508b803a",
        "is_verified": false,
        "line_number": 17
      },
      {
        "type": "Secret Keyword",
        "filename": "packages/core/backend/locales/t.fr.json",
        "hashed_secret": "6a84c1a95f3782377353c76bb0e692b12a8d79c5",
        "is_verified": false,
        "line_number": 104
      },
      {
        "type": "Secret Keyword",
        "filename": "packages/core/backend/locales/t.fr.json",
        "hashed_secret": "5c40886a76ff72df62b26b94200a99f5794c4262",
        "is_verified": false,
        "line_number": 123
      }
    ],
    "packages/core/backend/locales/t.it.json": [
      {
        "type": "Secret Keyword",
        "filename": "packages/core/backend/locales/t.it.json",
        "hashed_secret": "07bf4b3363ca7621f365c787b30658bfa5cdf33e",
        "is_verified": false,
        "line_number": 16
      },
      {
        "type": "Secret Keyword",
        "filename": "packages/core/backend/locales/t.it.json",
        "hashed_secret": "3e721c1afff4a79d79af508b9cab100bc23ae2b5",
        "is_verified": false,
        "line_number": 17
      },
      {
        "type": "Secret Keyword",
        "filename": "packages/core/backend/locales/t.it.json",
        "hashed_secret": "1c77d3679ec808e7fcfb2aea141899fa60272b07",
        "is_verified": false,
        "line_number": 18
      },
      {
        "type": "Secret Keyword",
        "filename": "packages/core/backend/locales/t.it.json",
        "hashed_secret": "8c784362960ca0dd87db487e70b64494f27d63b0",
        "is_verified": false,
        "line_number": 104
      },
      {
        "type": "Secret Keyword",
        "filename": "packages/core/backend/locales/t.it.json",
        "hashed_secret": "1449731f08dd019eeae0bf5e5b6d69314dbaed0d",
        "is_verified": false,
        "line_number": 123
      }
    ],
    "packages/core/backend/pytest.ini": [
      {
        "type": "Basic Auth Credentials",
        "filename": "packages/core/backend/pytest.ini",
        "hashed_secret": "2cf26fc442f10ae2d5c8b8995bc83ee4643d123a",
        "is_verified": false,
        "line_number": 26
      }
    ],
    "packages/core/backend/services/audit_service.py": [
      {
        "type": "Secret Keyword",
        "filename": "packages/core/backend/services/audit_service.py",
        "hashed_secret": "94732424e16be827cd46aa294394ab3ce93b55f4",
        "is_verified": false,
        "line_number": 27
      },
      {
        "type": "Secret Keyword",
        "filename": "packages/core/backend/services/audit_service.py",
        "hashed_secret": "a613756e030149431b0337e8b3a6c62440eb5ddc",
        "is_verified": false,
        "line_number": 28
      }
    ],
    "packages/core/backend/tests/README.md": [
      {
        "type": "Basic Auth Credentials",
        "filename": "packages/core/backend/tests/README.md",
        "hashed_secret": "2cf26fc442f10ae2d5c8b8995bc83ee4643d123a",
        "is_verified": false,
        "line_number": 110
      },
      {
        "type": "Basic Auth Credentials",
        "filename": "packages/core/backend/tests/README.md",
        "hashed_secret": "9d4e1e23bd5b727046a9e3b4b7db57bd8d6ee684",
        "is_verified": false,
        "line_number": 113
      }
    ],
    "packages/core/backend/tests/test_api_claude.py": [
      {
        "type": "Secret Keyword",
        "filename": "packages/core/backend/tests/test_api_claude.py",
        "hashed_secret": "2e7a7ee14caebf378fc32d6cf6f557f347c96773",
        "is_verified": false,
        "line_number": 31
      }
    ],
    "packages/core/backend/tests/test_auth_api.py": [
      {
        "type": "Secret Keyword",
        "filename": "packages/core/backend/tests/test_auth_api.py",
        "hashed_secret": "72559b51f94a7a3ad058c5740cbe2f7cb0d4080b",
        "is_verified": false,
        "line_number": 134
      },
      {
        "type": "Secret Keyword",
        "filename": "packages/core/backend/tests/test_auth_api.py",
        "hashed_secret": "c18006fc138809314751cd1991f1e0b820fabd37",
        "is_verified": false,
        "line_number": 199
      },
      {
        "type": "Secret Keyword",
        "filename": "packages/core/backend/tests/test_auth_api.py",
        "hashed_secret": "d8ecf7db8fc9ec9c31bc5c9ae2929cc599c75f8d",
        "is_verified": false,
        "line_number": 214
      },
      {
        "type": "Secret Keyword",
        "filename": "packages/core/backend/tests/test_auth_api.py",
        "hashed_secret": "cbfdac6008f9cab4083784cbd1874f76618d2a97",
        "is_verified": false,
        "line_number": 225
      },
      {
        "type": "Secret Keyword",
        "filename": "packages/core/backend/tests/test_auth_api.py",
        "hashed_secret": "4d81c30a1e76bc8adbbb6af9fc64162241e13f34",
        "is_verified": false,
        "line_number": 358
      }
    ],
    "packages/core/backend/tests/test_auth_service.py": [
      {
        "type": "Secret Keyword",
        "filename": "packages/core/backend/tests/test_auth_service.py",
        "hashed_secret": "c18006fc138809314751cd1991f1e0b820fabd37",
        "is_verified": false,
        "line_number": 54
      },
      {
        "type": "Secret Keyword",
        "filename": "packages/core/backend/tests/test_auth_service.py",
        "hashed_secret": "d8ecf7db8fc9ec9c31bc5c9ae2929cc599c75f8d",
        "is_verified": false,
        "line_number": 70
      },
      {
        "type": "Secret Keyword",
        "filename": "packages/core/backend/tests/test_auth_service.py",
        "hashed_secret": "e38ad214943daad1d64c102faec29de4afe9da3d",
        "is_verified": false,
        "line_number": 77
      },
      {
        "type": "Secret Keyword",
        "filename": "packages/core/backend/tests/test_auth_service.py",
        "hashed_secret": "2aa60a8ff7fcd473d321e0146afd9e26df395147",
        "is_verified": false,
        "line_number": 78
      }
    ],
    "packages/core/backend/tests/test_claude_service.py": [
      {
        "type": "Secret Keyword",
        "filename": "packages/core/backend/tests/test_claude_service.py",
        "hashed_secret": "2e7a7ee14caebf378fc32d6cf6f557f347c96773",
        "is_verified": false,
        "line_number": 21
      },
      {
        "type": "Secret Keyword",
        "filename": "packages/core/backend/tests/test_claude_service.py",
        "hashed_secret": "3acfb2c2b433c0ea7ff107e33df91b18e52f960f",
        "is_verified": false,
        "line_number": 272
      }
    ],
    "packages/core/backend/tests/test_rbac.py": [
      {
        "type": "Secret Keyword",
        "filename": "packages/core/backend/tests/test_rbac.py",
        "hashed_secret": "c18006fc138809314751cd1991f1e0b820fabd37",
        "is_verified": false,
        "line_number": 122
      }
    ],
    "packages/core/backend/tests/test_rbac_api.py": [
      {
        "type": "Secret Keyword",
        "filename": "packages/core/backend/tests/test_rbac_api.py",
        "hashed_secret": "c18006fc138809314751cd1991f1e0b820fabd37",
        "is_verified": false,
        "line_number": 149
      }
    ],
    "packages/core/backend/tests/test_rbac_service.py": [
      {
        "type": "Secret Keyword",
        "filename": "packages/core/backend/tests/test_rbac_service.py",
        "hashed_secret": "2346ad27d7568ba9896f1b7da6b5991251debdf2",
        "is_verified": false,
        "line_number": 185
      }
    ],
    "packages/core/backend/tests/test_subscription_limits.py": [
      {
        "type": "Secret Keyword",
        "filename": "packages/core/backend/tests/test_subscription_limits.py",
        "hashed_secret": "829c3804401b0727f70f73d4415e162400cbe57b",
        "is_verified": false,
        "line_number": 36
      }
    ],
    "packages/core/frontend/src/locales/de/translation.json": [
      {
        "type": "Secret Keyword",
        "filename": "packages/core/frontend/src/locales/de/translation.json",
        "hashed_secret": "0719708d1cc814839bd818fdc27d446652f03383",
        "is_verified": false,
        "line_number": 31,
        "is_secret": false
      },
      {
        "type": "Secret Keyword",
        "filename": "packages/core/frontend/src/locales/de/translation.json",
        "hashed_secret": "49c64f468dd38410e128aaa8e6766b96ca50e5bc",
        "is_verified": false,
        "line_number": 33,
        "is_secret": false
      },
      {
        "type": "Secret Keyword",
        "filename": "packages/core/frontend/src/locales/de/translation.json",
        "hashed_secret": "f9a7b37df6bcbfbba86e1e9f05018e121f1b363a",
        "is_verified": false,
        "line_number": 39,
        "is_secret": false
      },
      {
        "type": "Secret Keyword",
        "filename": "packages/core/frontend/src/locales/de/translation.json",
        "hashed_secret": "839519d55cff1925c87f4762076631299f7ce56d",
        "is_verified": false,
        "line_number": 49,
        "is_secret": false
      },
      {
        "type": "Secret Keyword",
        "filename": "packages/core/frontend/src/locales/de/translation.json",
        "hashed_secret": "478b138fb0ae8fce12f93f045bcca383eedc777d",
        "is_verified": false,
        "line_number": 50,
        "is_secret": false
      },
      {
        "type": "Secret Keyword",
        "filename": "packages/core/frontend/src/locales/de/translation.json",
        "hashed_secret": "cc5213bdfc29aa15f1e530b9676b724be010f434",
        "is_verified": false,
        "line_number": 96,
        "is_secret": false
      },
      {
        "type": "Secret Keyword",
        "filename": "packages/core/frontend/src/locales/de/translation.json",
        "hashed_secret": "a3854a455d7e3378c6d8adf520897d79360cc553",
        "is_verified": false,
        "line_number": 98,
        "is_secret": false
      },
      {
        "type": "Secret Keyword",
        "filename": "packages/core/frontend/src/locales/de/translation.json",
        "hashed_secret": "ac8579f409c20038756de0bb3ea981f0637d8acb",
        "is_verified": false,
        "line_number": 100,
        "is_secret": false
      },
      {
        "type": "Secret Keyword",
        "filename": "packages/core/frontend/src/locales/de/translation.json",
        "hashed_secret": "8e0c2f68198cc14ed88057c88564b3b0b84ab840",
        "is_verified": false,
        "line_number": 108,
        "is_secret": false
      },
      {
        "type": "Secret Keyword",
        "filename": "packages/core/frontend/src/locales/de/translation.json",
        "hashed_secret": "04f57825748ee6783a26d09226f1b48978ab4766",
        "is_verified": false,
        "line_number": 109,
        "is_secret": false
      },
      {
        "type": "Secret Keyword",
        "filename": "packages/core/frontend/src/locales/de/translation.json",
        "hashed_secret": "fc577f211bd35093e4895b463caa53436fff1c96",
        "is_verified": false,
        "line_number": 957
      },
      {
        "type": "Secret Keyword",
        "filename": "packages/core/frontend/src/locales/de/translation.json",
        "hashed_secret": "9380a5c7573108ca2756504aba014c4fa92232e0",
        "is_verified": false,
        "line_number": 999
      },
      {
        "type": "Secret Keyword",
        "filename": "packages/core/frontend/src/locales/de/translation.json",
        "hashed_secret": "091ead5840cdf5f294bc5ce765f8005d7a041163",
        "is_verified": false,
        "line_number": 1004
      },
      {
        "type": "Secret Keyword",
        "filename": "packages/core/frontend/src/locales/de/translation.json",
        "hashed_secret": "cdf846c5c105590af2b1920299ce2140512c98c6",
        "is_verified": false,
        "line_number": 1005
      },
      {
        "type": "Secret Keyword",
        "filename": "packages/core/frontend/src/locales/de/translation.json",
        "hashed_secret": "6e1f9f5e34e602c29b3b7c15a81bf6d3a8cb3a6f",
        "is_verified": false,
        "line_number": 1007
      },
      {
        "type": "Secret Keyword",
        "filename": "packages/core/frontend/src/locales/de/translation.json",
        "hashed_secret": "6c2640d3f6c5cd9090ca5be094c31293d9c15f66",
        "is_verified": false,
        "line_number": 1008
      },
      {
        "type": "Secret Keyword",
        "filename": "packages/core/frontend/src/locales/de/translation.json",
        "hashed_secret": "7547b9d0b305f32dd4236a9f281a8910853f6ee6",
        "is_verified": false,
        "line_number": 1017
      }
    ],
    "packages/core/frontend/src/locales/en/translation.json": [
      {
        "type": "Secret Keyword",
        "filename": "packages/core/frontend/src/locales/en/translation.json",
        "hashed_secret": "8be3c943b1609fffbfc51aad666d0a04adf83c9d",
        "is_verified": false,
        "line_number": 31,
        "is_secret": false
      },
      {
        "type": "Secret Keyword",
        "filename": "packages/core/frontend/src/locales/en/translation.json",
        "hashed_secret": "4c29f7f0335807c2524d8c36d531496aee23f473",
        "is_verified": false,
        "line_number": 33,
        "is_secret": false
      },
      {
        "type": "Secret Keyword",
        "filename": "packages/core/frontend/src/locales/en/translation.json",
        "hashed_secret": "bf2a25f32ee2b9885658f720d3c77393aac03fe3",
        "is_verified": false,
        "line_number": 39,
        "is_secret": false
      },
      {
        "type": "Secret Keyword",
        "filename": "packages/core/frontend/src/locales/en/translation.json",
        "hashed_secret": "77c6662e8b7e1f664506df1c96a85385fdd0db3f",
        "is_verified": false,
        "line_number": 49,
        "is_secret": false
      },
      {
        "type": "Secret Keyword",
        "filename": "packages/core/frontend/src/locales/en/translation.json",
        "hashed_secret": "c2d404cb7bad34de0af2136b8efa809ea96170fa",
        "is_verified": false,
        "line_number": 50,
        "is_secret": false
      },
      {
        "type": "Secret Keyword",
        "filename": "packages/core/frontend/src/locales/en/translation.json",
        "hashed_secret": "4894cb39ee419a77b480060f3e4a6d0a4d0fa01f",
        "is_verified": false,
        "line_number": 96,
        "is_secret": false
      },
      {
        "type": "Secret Keyword",
        "filename": "packages/core/frontend/src/locales/en/translation.json",
        "hashed_secret": "68dcd71ce6baa65ce1f3ddb3ead8f9e8f575e147",
        "is_verified": false,
        "line_number": 98,
        "is_secret": false
      },
      {
        "type": "Secret Keyword",
        "filename": "packages/core/frontend/src/locales/en/translation.json",
        "hashed_secret": "3fb75e3bfe4de94eb5198656fa9de95352dab915",
        "is_verified": false,
        "line_number": 100,
        "is_secret": false
      },
      {
        "type": "Secret Keyword",
        "filename": "packages/core/frontend/src/locales/en/translation.json",
        "hashed_secret": "d69c3b1ac54be7da3666d9937b9c78e7c309d6e8",
        "is_verified": false,
        "line_number": 108,
        "is_secret": false
      },
      {
        "type": "Secret Keyword",
        "filename": "packages/core/frontend/src/locales/en/translation.json",
        "hashed_secret": "47a760409b605b211999f45a030ef4a01f1e8bdd",
        "is_verified": false,
        "line_number": 109,
        "is_secret": false
      },
      {
        "type": "Secret Keyword",
        "filename": "packages/core/frontend/src/locales/en/translation.json",
        "hashed_secret": "49289db43e663a3df5e2c70714722ecc54895565",
        "is_verified": false,
        "line_number": 957
      },
      {
        "type": "Secret Keyword",
        "filename": "packages/core/frontend/src/locales/en/translation.json",
        "hashed_secret": "3c75ac94781731eaf90592f1c9120c37d9455f93",
        "is_verified": false,
        "line_number": 999
      },
      {
        "type": "Secret Keyword",
        "filename": "packages/core/frontend/src/locales/en/translation.json",
        "hashed_secret": "913a9f9794c14f6a6f0c613d3d2ef65b09a37283",
        "is_verified": false,
        "line_number": 1004
      },
      {
        "type": "Secret Keyword",
        "filename": "packages/core/frontend/src/locales/en/translation.json",
        "hashed_secret": "154709cee613c5bff947b215c949211530cce24e",
        "is_verified": false,
        "line_number": 1005
      },
      {
        "type": "Secret Keyword",
        "filename": "packages/core/frontend/src/locales/en/translation.json",
        "hashed_secret": "1abe03fa4d1b7c7aa11b186e0573b4e57d15e058",
        "is_verified": false,
        "line_number": 1007
      },
      {
        "type": "Secret Keyword",
        "filename": "packages/core/frontend/src/locales/en/translation.json",
        "hashed_secret": "a76567413f3c547e74fd3be52fca3b5c8471ab3b",
        "is_verified": false,
        "line_number": 1008
      },
      {
        "type": "Secret Keyword",
        "filename": "packages/core/frontend/src/locales/en/translation.json",
        "hashed_secret": "e8470ca11caf1dec41ff6367faba4973a080e0e6",
        "is_verified": false,
        "line_number": 1017
      }
    ],
    "packages/core/frontend/src/locales/fr/translation.json": [
      {
        "type": "Secret Keyword",
        "filename": "packages/core/frontend/src/locales/fr/translation.json",
        "hashed_secret": "94e2f3ee14b92e2e675a8f6118d28738dbf5c6ba",
        "is_verified": false,
        "line_number": 31,
        "is_secret": false
      },
      {
        "type": "Secret Keyword",
        "filename": "packages/core/frontend/src/locales/fr/translation.json",
        "hashed_secret": "d95cb56a7a9d98623243e57714e5a93c0cee992e",
        "is_verified": false,
        "line_number": 33,
        "is_secret": false
      },
      {
        "type": "Secret Keyword",
        "filename": "packages/core/frontend/src/locales/fr/translation.json",
        "hashed_secret": "7519d883c45633f4db2fe99c8e0481a44960f656",
        "is_verified": false,
        "line_number": 39,
        "is_secret": false
      },
      {
        "type": "Secret Keyword",
        "filename": "packages/core/frontend/src/locales/fr/translation.json",
        "hashed_secret": "4800a323a8de17e433838eccdaed306afc9d3c9e",
        "is_verified": false,
        "line_number": 49,
        "is_secret": false
      },
      {
        "type": "Secret Keyword",
        "filename": "packages/core/frontend/src/locales/fr/translation.json",
        "hashed_secret": "88362d0d044cf4144e78f646e101110e3f44a9e5",
        "is_verified": false,
        "line_number": 50,
        "is_secret": false
      },
      {
        "type": "Secret Keyword",
        "filename": "packages/core/frontend/src/locales/fr/translation.json",
        "hashed_secret": "3a7138292007e17c98448b319ca6f2f6b63980f8",
        "is_verified": false,
        "line_number": 96,
        "is_secret": false
      },
      {
        "type": "Secret Keyword",
        "filename": "packages/core/frontend/src/locales/fr/translation.json",
        "hashed_secret": "165e58ddda79c3cc6d897468c99a8238aebde92a",
        "is_verified": false,
        "line_number": 98,
        "is_secret": false
      },
      {
        "type": "Secret Keyword",
        "filename": "packages/core/frontend/src/locales/fr/translation.json",
        "hashed_secret": "a04b65c7dad340d448a41899fca10dab4885cd0c",
        "is_verified": false,
        "line_number": 100,
        "is_secret": false
      },
      {
        "type": "Secret Keyword",
        "filename": "packages/core/frontend/src/locales/fr/translation.json",
        "hashed_secret": "c1a3d196da57a31bc8f209f520d7b1453bf18313",
        "is_verified": false,
        "line_number": 108,
        "is_secret": false
      },
      {
        "type": "Secret Keyword",
        "filename": "packages/core/frontend/src/locales/fr/translation.json",
        "hashed_secret": "d4f87bac0a8a89fae4c42cb4e4443806272b9076",
        "is_verified": false,
        "line_number": 109,
        "is_secret": false
      },
      {
        "type": "Secret Keyword",
        "filename": "packages/core/frontend/src/locales/fr/translation.json",
        "hashed_secret": "4ad8d63169101cdbed62ae86f7bd8896fc591b22",
        "is_verified": false,
        "line_number": 957
      },
      {
        "type": "Secret Keyword",
        "filename": "packages/core/frontend/src/locales/fr/translation.json",
        "hashed_secret": "b72457f2c8ad04b9e52f5fefba5b4c8d834ed829",
        "is_verified": false,
        "line_number": 999
      },
      {
        "type": "Secret Keyword",
        "filename": "packages/core/frontend/src/locales/fr/translation.json",
        "hashed_secret": "34381f9ebe6d376feddccebfe0bd5504db174fc5",
        "is_verified": false,
        "line_number": 1004
      },
      {
        "type": "Secret Keyword",
        "filename": "packages/core/frontend/src/locales/fr/translation.json",
        "hashed_secret": "78eeb42ce54f68da6157afc35e0f9e415c3204fb",
        "is_verified": false,
        "line_number": 1005
      },
      {
        "type": "Secret Keyword",
        "filename": "packages/core/frontend/src/locales/fr/translation.json",
        "hashed_secret": "46813bfff435e48e7a24546e20de6c64d2b97d00",
        "is_verified": false,
        "line_number": 1007
      },
      {
        "type": "Secret Keyword",
        "filename": "packages/core/frontend/src/locales/fr/translation.json",
        "hashed_secret": "e3f6d77b45e189c9c3b2f19e6a242f6ef6695766",
        "is_verified": false,
        "line_number": 1008
      },
      {
        "type": "Secret Keyword",
        "filename": "packages/core/frontend/src/locales/fr/translation.json",
        "hashed_secret": "a55a56b1ac10445f21ab9b13db79a6dc872231da",
        "is_verified": false,
        "line_number": 1017
      }
    ],
    "packages/core/frontend/src/locales/it/translation.json": [
      {
        "type": "Secret Keyword",
        "filename": "packages/core/frontend/src/locales/it/translation.json",
        "hashed_secret": "8be3c943b1609fffbfc51aad666d0a04adf83c9d",
        "is_verified": false,
        "line_number": 31,
        "is_secret": false
      },
      {
        "type": "Secret Keyword",
        "filename": "packages/core/frontend/src/locales/it/translation.json",
        "hashed_secret": "bdeced8553f213e027b248f2214cc70de05b9855",
        "is_verified": false,
        "line_number": 33,
        "is_secret": false
      },
      {
        "type": "Secret Keyword",
        "filename": "packages/core/frontend/src/locales/it/translation.json",
        "hashed_secret": "3daa3d172228b5296ab17edd70ae095195966f14",
        "is_verified": false,
        "line_number": 49,
        "is_secret": false
      },
      {
        "type": "Secret Keyword",
        "filename": "packages/core/frontend/src/locales/it/translation.json",
        "hashed_secret": "a5c98294893b562a4e06e677107a46c83e7589b6",
        "is_verified": false,
        "line_number": 50,
        "is_secret": false
      },
      {
        "type": "Secret Keyword",
        "filename": "packages/core/frontend/src/locales/it/translation.json",
        "hashed_secret": "5f853a79c8827da72059fc29fce706391d81afe9",
        "is_verified": false,
        "line_number": 96,
        "is_secret": false
      },
      {
        "type": "Secret Keyword",
        "filename": "packages/core/frontend/src/locales/it/translation.json",
        "hashed_secret": "05bf68d9e7b589ccd0ffdab757d94d181c54b29e",
        "is_verified": false,
        "line_number": 98,
        "is_secret": false
      },
      {
        "type": "Secret Keyword",
        "filename": "packages/core/frontend/src/locales/it/translation.json",
        "hashed_secret": "7a5404191c0feb0f7397bee11d4bd072b5c955ed",
        "is_verified": false,
        "line_number": 100,
        "is_secret": false
      },
      {
        "type": "Secret Keyword",
        "filename": "packages/core/frontend/src/locales/it/translation.json",
        "hashed_secret": "59a703c9148781c5a1802796c9dc5764335b5dfc",
        "is_verified": false,
        "line_number": 108,
        "is_secret": false
      },
      {
        "type": "Secret Keyword",
        "filename": "packages/core/frontend/src/locales/it/translation.json",
        "hashed_secret": "1449731f08dd019eeae0bf5e5b6d69314dbaed0d",
        "is_verified": false,
        "line_number": 109,
        "is_secret": false
      },
      {
        "type": "Secret Keyword",
        "filename": "packages/core/frontend/src/locales/it/translation.json",
        "hashed_secret": "25dadb7138d86f4c3797174d3c124b3357d064d5",
        "is_verified": false,
        "line_number": 957
      },
      {
        "type": "Secret Keyword",
        "filename": "packages/core/frontend/src/locales/it/translation.json",
        "hashed_secret": "87df4960b34b757a3f47f41f9ebb2e14d32f36e5",
        "is_verified": false,
        "line_number": 999
      },
      {
        "type": "Secret Keyword",
        "filename": "packages/core/frontend/src/locales/it/translation.json",
        "hashed_secret": "0a098ee47f898fc279a8efd7c1de464ec81c43cd",
        "is_verified": false,
        "line_number": 1004
      },
      {
        "type": "Secret Keyword",
        "filename": "packages/core/frontend/src/locales/it/translation.json",
        "hashed_secret": "b3b8fe1eb4f67ad9cb017c0e8d8d1994823374db",
        "is_verified": false,
        "line_number": 1005
      },
      {
        "type": "Secret Keyword",
        "filename": "packages/core/frontend/src/locales/it/translation.json",
        "hashed_secret": "9e77ed760ec1cb198593c3b3cd8c3079100bfc82",
        "is_verified": false,
        "line_number": 1007
      },
      {
        "type": "Secret Keyword",
        "filename": "packages/core/frontend/src/locales/it/translation.json",
        "hashed_secret": "aa03dd848a401e9c6dc1d2f95a6b827a05c120e0",
        "is_verified": false,
        "line_number": 1008
      },
      {
        "type": "Secret Keyword",
        "filename": "packages/core/frontend/src/locales/it/translation.json",
        "hashed_secret": "c791cf2f95d88c4420dcc93f29f48cad518a2881",
        "is_verified": false,
        "line_number": 1017
      }
    ]
  },
  "generated_at": "2026-03-23T09:02:58Z"
}
