{
  "version": "1.5.0",
  "plugins_used": [
    {
      "name": "ArtifactoryDetector"
    },
    {
      "name": "AWSKeyDetector"
    },
    {
      "name": "AzureStorageKeyDetector"
    },
    {
      "name": "Base64HighEntropyString",
      "limit": 4.5
    },
    {
      "name": "BasicAuthDetector"
    },
    {
      "name": "CloudantDetector"
    },
    {
      "name": "DiscordBotTokenDetector"
    },
    {
      "name": "GitHubTokenDetector"
    },
    {
      "name": "GitLabTokenDetector"
    },
    {
      "name": "HexHighEntropyString",
      "limit": 3.0
    },
    {
      "name": "IbmCloudIamDetector"
    },
    {
      "name": "IbmCosHmacDetector"
    },
    {
      "name": "IPPublicDetector"
    },
    {
      "name": "JwtTokenDetector"
    },
    {
      "name": "KeywordDetector",
      "keyword_exclude": ""
    },
    {
      "name": "MailchimpDetector"
    },
    {
      "name": "NpmDetector"
    },
    {
      "name": "OpenAIDetector"
    },
    {
      "name": "PrivateKeyDetector"
    },
    {
      "name": "PypiTokenDetector"
    },
    {
      "name": "SendGridDetector"
    },
    {
      "name": "SlackDetector"
    },
    {
      "name": "SoftlayerDetector"
    },
    {
      "name": "SquareOAuthDetector"
    },
    {
      "name": "StripeDetector"
    },
    {
      "name": "TelegramBotTokenDetector"
    },
    {
      "name": "TwilioKeyDetector"
    }
  ],
  "filters_used": [
    {
      "path": "detect_secrets.filters.allowlist.is_line_allowlisted"
    },
    {
      "path": "detect_secrets.filters.common.is_baseline_file",
      "filename": ".secrets.baseline"
    },
    {
      "path": "detect_secrets.filters.common.is_ignored_due_to_verification_policies",
      "min_level": 2
    },
    {
      "path": "detect_secrets.filters.heuristic.is_indirect_reference"
    },
    {
      "path": "detect_secrets.filters.heuristic.is_likely_id_string"
    },
    {
      "path": "detect_secrets.filters.heuristic.is_lock_file"
    },
    {
      "path": "detect_secrets.filters.heuristic.is_not_alphanumeric_string"
    },
    {
      "path": "detect_secrets.filters.heuristic.is_potential_uuid"
    },
    {
      "path": "detect_secrets.filters.heuristic.is_prefixed_with_dollar_sign"
    },
    {
      "path": "detect_secrets.filters.heuristic.is_sequential_string"
    },
    {
      "path": "detect_secrets.filters.heuristic.is_swagger_file"
    },
    {
      "path": "detect_secrets.filters.heuristic.is_templated_secret"
    }
  ],
  "results": {
    ".env.example": [
      {
        "type": "Basic Auth Credentials",
        "filename": ".env.example",
        "hashed_secret": "2cf26fc442f10ae2d5c8b8995bc83ee4643d123a",
        "is_verified": false,
        "line_number": 40
      }
    ],
    ".github/workflows/ci-cd.yml": [
      {
        "type": "Secret Keyword",
        "filename": ".github/workflows/ci-cd.yml",
        "hashed_secret": "e871b5ecb1196433c38010a72c4d49f2427b425b",
        "is_verified": false,
        "line_number": 28
      },
      {
        "type": "Basic Auth Credentials",
        "filename": ".github/workflows/ci-cd.yml",
        "hashed_secret": "e871b5ecb1196433c38010a72c4d49f2427b425b",
        "is_verified": false,
        "line_number": 80
      },
      {
        "type": "Secret Keyword",
        "filename": ".github/workflows/ci-cd.yml",
        "hashed_secret": "16ce0c36e252ad26b0661d419a690023d36345a8",
        "is_verified": false,
        "line_number": 82
      }
    ],
    ".gitlab-ci.yml": [
      {
        "type": "Secret Keyword",
        "filename": ".gitlab-ci.yml",
        "hashed_secret": "9fb7fe1217aed442b04c0f5e43b5d5a7d3287097",
        "is_verified": false,
        "line_number": 32
      },
      {
        "type": "Basic Auth Credentials",
        "filename": ".gitlab-ci.yml",
        "hashed_secret": "9fb7fe1217aed442b04c0f5e43b5d5a7d3287097",
        "is_verified": false,
        "line_number": 33
      },
      {
        "type": "Secret Keyword",
        "filename": ".gitlab-ci.yml",
        "hashed_secret": "00942f4668670f34c5943cf52c7ef3139fe2b8d6",
        "is_verified": false,
        "line_number": 36
      }
    ],
    "docker-compose.yml": [
      {
        "type": "Secret Keyword",
        "filename": "docker-compose.yml",
        "hashed_secret": "a4f23d6e2e3e0c7a58d6342a425310b6a21fb1a3",
        "is_verified": false,
        "line_number": 18
      },
      {
        "type": "Basic Auth Credentials",
        "filename": "docker-compose.yml",
        "hashed_secret": "a4f23d6e2e3e0c7a58d6342a425310b6a21fb1a3",
        "is_verified": false,
        "line_number": 79
      },
      {
        "type": "Secret Keyword",
        "filename": "docker-compose.yml",
        "hashed_secret": "55906ae3336be6e421f199758165119d0ace8ed2",
        "is_verified": false,
        "line_number": 89
      }
    ],
    "docs/deployment/ENVIRONMENT-VARIABLES.md": [
      {
        "type": "Basic Auth Credentials",
        "filename": "docs/deployment/ENVIRONMENT-VARIABLES.md",
        "hashed_secret": "112bb791304791ddcf692e29fd5cf149b35fea37",
        "is_verified": false,
        "line_number": 53
      }
    ],
    "docs/deployment/MANUAL-SETUP.md": [
      {
        "type": "Basic Auth Credentials",
        "filename": "docs/deployment/MANUAL-SETUP.md",
        "hashed_secret": "5baa61e4c9b93f3f0682250b6cf8331b7ee68fd8",
        "is_verified": false,
        "line_number": 47
      },
      {
        "type": "Basic Auth Credentials",
        "filename": "docs/deployment/MANUAL-SETUP.md",
        "hashed_secret": "9d4e1e23bd5b727046a9e3b4b7db57bd8d6ee684",
        "is_verified": false,
        "line_number": 340
      }
    ],
    "docs/developer/quick-start.adoc": [
      {
        "type": "Basic Auth Credentials",
        "filename": "docs/developer/quick-start.adoc",
        "hashed_secret": "2cf26fc442f10ae2d5c8b8995bc83ee4643d123a",
        "is_verified": false,
        "line_number": 77
      }
    ],
    "docs/development/TESTING.md": [
      {
        "type": "Secret Keyword",
        "filename": "docs/development/TESTING.md",
        "hashed_secret": "62fd38dd547474d66a38e61c308969cd6226beda",
        "is_verified": false,
        "line_number": 344
      }
    ],
    "docs/e2e-tests-next-steps.md": [
      {
        "type": "Basic Auth Credentials",
        "filename": "docs/e2e-tests-next-steps.md",
        "hashed_secret": "e871b5ecb1196433c38010a72c4d49f2427b425b",
        "is_verified": false,
        "line_number": 102
      }
    ],
    "docs/testing-strategy.md": [
      {
        "type": "Basic Auth Credentials",
        "filename": "docs/testing-strategy.md",
        "hashed_secret": "2cf26fc442f10ae2d5c8b8995bc83ee4643d123a",
        "is_verified": false,
        "line_number": 151
      }
    ],
    "packages/core/README.md": [
      {
        "type": "Basic Auth Credentials",
        "filename": "packages/core/README.md",
        "hashed_secret": "9d4e1e23bd5b727046a9e3b4b7db57bd8d6ee684",
        "is_verified": false,
        "line_number": 75
      }
    ],
    "packages/core/backend/.env.example": [
      {
        "type": "Basic Auth Credentials",
        "filename": "packages/core/backend/.env.example",
        "hashed_secret": "5baa61e4c9b93f3f0682250b6cf8331b7ee68fd8",
        "is_verified": false,
        "line_number": 12
      }
    ],
    "packages/core/backend/alembic.ini": [
      {
        "type": "Basic Auth Credentials",
        "filename": "packages/core/backend/alembic.ini",
        "hashed_secret": "2cf26fc442f10ae2d5c8b8995bc83ee4643d123a",
        "is_verified": false,
        "line_number": 60
      }
    ],
    "packages/core/backend/api/GDPR_README.md": [
      {
        "type": "Secret Keyword",
        "filename": "packages/core/backend/api/GDPR_README.md",
        "hashed_secret": "564e340cd48437d2dfe876ee154cc99dc4d0d137",
        "is_verified": false,
        "line_number": 108
      }
    ],
    "packages/core/backend/database.py": [
      {
        "type": "Basic Auth Credentials",
        "filename": "packages/core/backend/database.py",
        "hashed_secret": "2cf26fc442f10ae2d5c8b8995bc83ee4643d123a",
        "is_verified": false,
        "line_number": 15
      }
    ],
    "packages/core/backend/pytest.ini": [
      {
        "type": "Basic Auth Credentials",
        "filename": "packages/core/backend/pytest.ini",
        "hashed_secret": "2cf26fc442f10ae2d5c8b8995bc83ee4643d123a",
        "is_verified": false,
        "line_number": 26
      }
    ],
    "packages/core/backend/services/audit_service.py": [
      {
        "type": "Secret Keyword",
        "filename": "packages/core/backend/services/audit_service.py",
        "hashed_secret": "94732424e16be827cd46aa294394ab3ce93b55f4",
        "is_verified": false,
        "line_number": 27
      },
      {
        "type": "Secret Keyword",
        "filename": "packages/core/backend/services/audit_service.py",
        "hashed_secret": "a613756e030149431b0337e8b3a6c62440eb5ddc",
        "is_verified": false,
        "line_number": 28
      }
    ],
    "packages/core/backend/tests/README.md": [
      {
        "type": "Basic Auth Credentials",
        "filename": "packages/core/backend/tests/README.md",
        "hashed_secret": "2cf26fc442f10ae2d5c8b8995bc83ee4643d123a",
        "is_verified": false,
        "line_number": 110
      },
      {
        "type": "Basic Auth Credentials",
        "filename": "packages/core/backend/tests/README.md",
        "hashed_secret": "9d4e1e23bd5b727046a9e3b4b7db57bd8d6ee684",
        "is_verified": false,
        "line_number": 113
      }
    ],
    "packages/core/backend/tests/test_api_claude.py": [
      {
        "type": "Secret Keyword",
        "filename": "packages/core/backend/tests/test_api_claude.py",
        "hashed_secret": "2e7a7ee14caebf378fc32d6cf6f557f347c96773",
        "is_verified": false,
        "line_number": 31
      }
    ],
    "packages/core/backend/tests/test_auth_api.py": [
      {
        "type": "Secret Keyword",
        "filename": "packages/core/backend/tests/test_auth_api.py",
        "hashed_secret": "72559b51f94a7a3ad058c5740cbe2f7cb0d4080b",
        "is_verified": false,
        "line_number": 132
      },
      {
        "type": "Secret Keyword",
        "filename": "packages/core/backend/tests/test_auth_api.py",
        "hashed_secret": "c18006fc138809314751cd1991f1e0b820fabd37",
        "is_verified": false,
        "line_number": 197
      },
      {
        "type": "Secret Keyword",
        "filename": "packages/core/backend/tests/test_auth_api.py",
        "hashed_secret": "d8ecf7db8fc9ec9c31bc5c9ae2929cc599c75f8d",
        "is_verified": false,
        "line_number": 212
      },
      {
        "type": "Secret Keyword",
        "filename": "packages/core/backend/tests/test_auth_api.py",
        "hashed_secret": "cbfdac6008f9cab4083784cbd1874f76618d2a97",
        "is_verified": false,
        "line_number": 223
      },
      {
        "type": "Secret Keyword",
        "filename": "packages/core/backend/tests/test_auth_api.py",
        "hashed_secret": "4d81c30a1e76bc8adbbb6af9fc64162241e13f34",
        "is_verified": false,
        "line_number": 356
      }
    ],
    "packages/core/backend/tests/test_auth_service.py": [
      {
        "type": "Secret Keyword",
        "filename": "packages/core/backend/tests/test_auth_service.py",
        "hashed_secret": "c18006fc138809314751cd1991f1e0b820fabd37",
        "is_verified": false,
        "line_number": 54
      },
      {
        "type": "Secret Keyword",
        "filename": "packages/core/backend/tests/test_auth_service.py",
        "hashed_secret": "d8ecf7db8fc9ec9c31bc5c9ae2929cc599c75f8d",
        "is_verified": false,
        "line_number": 70
      },
      {
        "type": "Secret Keyword",
        "filename": "packages/core/backend/tests/test_auth_service.py",
        "hashed_secret": "e38ad214943daad1d64c102faec29de4afe9da3d",
        "is_verified": false,
        "line_number": 77
      },
      {
        "type": "Secret Keyword",
        "filename": "packages/core/backend/tests/test_auth_service.py",
        "hashed_secret": "2aa60a8ff7fcd473d321e0146afd9e26df395147",
        "is_verified": false,
        "line_number": 78
      }
    ],
    "packages/core/backend/tests/test_claude_service.py": [
      {
        "type": "Secret Keyword",
        "filename": "packages/core/backend/tests/test_claude_service.py",
        "hashed_secret": "2e7a7ee14caebf378fc32d6cf6f557f347c96773",
        "is_verified": false,
        "line_number": 21
      },
      {
        "type": "Secret Keyword",
        "filename": "packages/core/backend/tests/test_claude_service.py",
        "hashed_secret": "3acfb2c2b433c0ea7ff107e33df91b18e52f960f",
        "is_verified": false,
        "line_number": 269
      }
    ],
    "packages/core/backend/tests/test_rbac.py": [
      {
        "type": "Secret Keyword",
        "filename": "packages/core/backend/tests/test_rbac.py",
        "hashed_secret": "c18006fc138809314751cd1991f1e0b820fabd37",
        "is_verified": false,
        "line_number": 120
      }
    ],
    "packages/core/backend/tests/test_rbac_api.py": [
      {
        "type": "Secret Keyword",
        "filename": "packages/core/backend/tests/test_rbac_api.py",
        "hashed_secret": "c18006fc138809314751cd1991f1e0b820fabd37",
        "is_verified": false,
        "line_number": 147
      }
    ],
    "packages/core/backend/tests/test_rbac_service.py": [
      {
        "type": "Secret Keyword",
        "filename": "packages/core/backend/tests/test_rbac_service.py",
        "hashed_secret": "2346ad27d7568ba9896f1b7da6b5991251debdf2",
        "is_verified": false,
        "line_number": 186
      }
    ],
    "packages/core/backend/tests/test_subscription_limits.py": [
      {
        "type": "Secret Keyword",
        "filename": "packages/core/backend/tests/test_subscription_limits.py",
        "hashed_secret": "829c3804401b0727f70f73d4415e162400cbe57b",
        "is_verified": false,
        "line_number": 36
      }
    ],
    "packages/core/frontend/coverage/coverage-final.json": [
      {
        "type": "Hex High Entropy String",
        "filename": "packages/core/frontend/coverage/coverage-final.json",
        "hashed_secret": "533ae908c3df1c3b1039a81da9078a25486580b9",
        "is_verified": false,
        "line_number": 9
      },
      {
        "type": "Hex High Entropy String",
        "filename": "packages/core/frontend/coverage/coverage-final.json",
        "hashed_secret": "68f8f9ada0fc4a2a029e794f92ce87711bbf51d9",
        "is_verified": false,
        "line_number": 9
      },
      {
        "type": "Hex High Entropy String",
        "filename": "packages/core/frontend/coverage/coverage-final.json",
        "hashed_secret": "5948594ec87b7cf47a8a9d72b2b63aa675770dd5",
        "is_verified": false,
        "line_number": 10
      },
      {
        "type": "Hex High Entropy String",
        "filename": "packages/core/frontend/coverage/coverage-final.json",
        "hashed_secret": "84aecbe64600abdea557f2ea5c90e9b5ae4087ee",
        "is_verified": false,
        "line_number": 12
      },
      {
        "type": "Hex High Entropy String",
        "filename": "packages/core/frontend/coverage/coverage-final.json",
        "hashed_secret": "78840415e04e61df61d3fc9c1ab996acfde8f1aa",
        "is_verified": false,
        "line_number": 30
      },
      {
        "type": "Hex High Entropy String",
        "filename": "packages/core/frontend/coverage/coverage-final.json",
        "hashed_secret": "4510f2029b07be3380c805f341984f9f901d4790",
        "is_verified": false,
        "line_number": 34
      }
    ],
    "packages/core/frontend/e2e/chat-export.spec.ts": [
      {
        "type": "Secret Keyword",
        "filename": "packages/core/frontend/e2e/chat-export.spec.ts",
        "hashed_secret": "382caa7c44ee23ee25616f7e303af33c591efc3a",
        "is_verified": false,
        "line_number": 20
      }
    ]
  },
  "generated_at": "2026-01-07T17:06:53Z"
}
